// Jest Snapshot v1, https://goo.gl/fbAQLP

exports[`Login Page renders the login page initially 1`] = `
<DocumentFragment>
  <div
    class="container"
  >
    <h1>
      Login
    </h1>
    <form>
      <div
        class="form-group"
      >
        <label
          for="username"
        >
          Username
        </label>
        <input
          id="username"
          name="username"
          placeholder="Username"
          type="text"
          value=""
        />
      </div>
      <div
        class="form-group"
      >
        <label
          for="email"
        >
          Email
        </label>
        <input
          id="email"
          name="email"
          placeholder="Email"
          type="email"
          value=""
        />
      </div>
      <div
        class="form-group"
      >
        <label
          for="password"
        >
          Password
        </label>
        <input
          id="password"
          name="password"
          placeholder="Password"
          type="password"
          value=""
        />
      </div>
      <div
        class="form-group"
      >
        <label
          for="passwordConfirm"
        >
          Confirm Password
        </label>
        <input
          id="passwordConfirm"
          name="passwordConfirm"
          placeholder="Confirm Password"
          type="password"
          value=""
        />
      </div>
      <div
        class="form-group"
      >
        <button
          disabled=""
          type="submit"
        >
          Login
        </button>
      </div>
    </form>
  </div>
</DocumentFragment>
`;
